// Jest Snapshot v1, https://goo.gl/fbAQLP

exports[`renderPmNotesLog — no notes matches snapshot 1`] = `
"## PM notes log

_(no PM notes recorded)_"
`;

exports[`renderPmNotesLog — with notes matches snapshot 1`] = `
"## PM notes log

- [2026-01-01 09:00 dev] Decided to split the module for clarity.
- [2026-01-01 10:00 qa] All ACs verified with snapshot tests."
`;
